V3 31
FL "C:/Users/black_000/Dropbox/Programmering/VHDL/Project Robinson/PT_driver/HallCounter.vhd" 2016/05/20.11:46:41 P.20131013
EN work/Hall_Counter 1463751731 \
      FL "C:/Users/black_000/Dropbox/Programmering/VHDL/Project Robinson/PT_driver/HallCounter.vhd" \
      PB ieee/std_logic_1164 1381692176 PB ieee/std_logic_arith 1381692177 \
      PB ieee/STD_LOGIC_UNSIGNED 1381692179
AR work/Hall_Counter/Behavioral 1463751732 \
      FL "C:/Users/black_000/Dropbox/Programmering/VHDL/Project Robinson/PT_driver/HallCounter.vhd" \
      EN work/Hall_Counter 1463751731
FL "C:/Users/black_000/Dropbox/Programmering/VHDL/Project Robinson/PT_driver/Motor_driver.vhd" 2016/05/19.13:12:36 P.20131013
EN work/Motor_driver 1463751729 \
      FL "C:/Users/black_000/Dropbox/Programmering/VHDL/Project Robinson/PT_driver/Motor_driver.vhd" \
      PB ieee/std_logic_1164 1381692176 PB ieee/std_logic_arith 1381692177 \
      PB ieee/STD_LOGIC_UNSIGNED 1381692179
AR work/Motor_driver/Behavioral 1463751730 \
      FL "C:/Users/black_000/Dropbox/Programmering/VHDL/Project Robinson/PT_driver/Motor_driver.vhd" \
      EN work/Motor_driver 1463751729 CP PWM
FL "C:/Users/black_000/Dropbox/Programmering/VHDL/Project Robinson/PT_driver/Mux_Display.vhd" 2016/05/14.16:19:06 P.20131013
EN work/Mux_Display 1463751737 \
      FL "C:/Users/black_000/Dropbox/Programmering/VHDL/Project Robinson/PT_driver/Mux_Display.vhd" \
      PB ieee/std_logic_1164 1381692176 PB ieee/std_logic_arith 1381692177 \
      PB ieee/STD_LOGIC_UNSIGNED 1381692179
AR work/Mux_Display/Behavioral 1463751738 \
      FL "C:/Users/black_000/Dropbox/Programmering/VHDL/Project Robinson/PT_driver/Mux_Display.vhd" \
      EN work/Mux_Display 1463751737
FL "C:/Users/black_000/Dropbox/Programmering/VHDL/Project Robinson/PT_driver/PID_controller.vhd" 2016/05/19.20:09:53 P.20131013
EN work/PID_controller 1463751733 \
      FL "C:/Users/black_000/Dropbox/Programmering/VHDL/Project Robinson/PT_driver/PID_controller.vhd" \
      PB ieee/std_logic_1164 1381692176 PB ieee/std_logic_arith 1381692177 \
      PB ieee/STD_LOGIC_UNSIGNED 1381692179
AR work/PID_controller/Behavioral 1463751734 \
      FL "C:/Users/black_000/Dropbox/Programmering/VHDL/Project Robinson/PT_driver/PID_controller.vhd" \
      EN work/PID_controller 1463751733
FL "C:/Users/black_000/Dropbox/Programmering/VHDL/Project Robinson/PT_driver/PT_driver.vhd" 2016/05/20.15:42:01 P.20131013
EN work/PT_driver 1463751739 \
      FL "C:/Users/black_000/Dropbox/Programmering/VHDL/Project Robinson/PT_driver/PT_driver.vhd" \
      PB ieee/std_logic_1164 1381692176 PB ieee/std_logic_arith 1381692177 \
      PB ieee/STD_LOGIC_UNSIGNED 1381692179
AR work/PT_driver/Behavioral 1463751740 \
      FL "C:/Users/black_000/Dropbox/Programmering/VHDL/Project Robinson/PT_driver/PT_driver.vhd" \
      EN work/PT_driver 1463751739 CP SPI_slave CP Motor_driver CP Hall_Counter \
      CP PID_controller CP Simple_comparator CP Mux_Display
FL "C:/Users/black_000/Dropbox/Programmering/VHDL/Project Robinson/PT_driver/PWM.vhd" 2016/05/19.12:33:55 P.20131013
EN work/PWM 1463751725 \
      FL "C:/Users/black_000/Dropbox/Programmering/VHDL/Project Robinson/PT_driver/PWM.vhd" \
      PB ieee/std_logic_1164 1381692176 PB ieee/std_logic_arith 1381692177 \
      PB ieee/STD_LOGIC_UNSIGNED 1381692179
AR work/PWM/Behavioral 1463751726 \
      FL "C:/Users/black_000/Dropbox/Programmering/VHDL/Project Robinson/PT_driver/PWM.vhd" \
      EN work/PWM 1463751725
FL "C:/Users/black_000/Dropbox/Programmering/VHDL/Project Robinson/PT_driver/Simple_comparator.vhd" 2016/05/19.12:47:18 P.20131013
EN work/Simple_comparator 1463751735 \
      FL "C:/Users/black_000/Dropbox/Programmering/VHDL/Project Robinson/PT_driver/Simple_comparator.vhd" \
      PB ieee/std_logic_1164 1381692176 PB ieee/std_logic_arith 1381692177 \
      PB ieee/STD_LOGIC_UNSIGNED 1381692179
AR work/Simple_comparator/Behavioral 1463751736 \
      FL "C:/Users/black_000/Dropbox/Programmering/VHDL/Project Robinson/PT_driver/Simple_comparator.vhd" \
      EN work/Simple_comparator 1463751735
FL "C:/Users/black_000/Dropbox/Programmering/VHDL/Project Robinson/PT_driver/SPI_slave.vhd" 2016/05/20.13:21:26 P.20131013
EN work/SPI_slave 1463751727 \
      FL "C:/Users/black_000/Dropbox/Programmering/VHDL/Project Robinson/PT_driver/SPI_slave.vhd" \
      PB ieee/std_logic_1164 1381692176 PB ieee/std_logic_arith 1381692177 \
      PB ieee/STD_LOGIC_UNSIGNED 1381692179
AR work/SPI_slave/Behavioral 1463751728 \
      FL "C:/Users/black_000/Dropbox/Programmering/VHDL/Project Robinson/PT_driver/SPI_slave.vhd" \
      EN work/SPI_slave 1463751727
