Archive member included because of file (symbol)

c:/ti/ccsv6/tools/compiler/gcc-arm-none-eabi-4_8-2014q3/bin/../lib/gcc/arm-none-eabi/4.8.4/../../../../arm-none-eabi/lib/armv7e-m/fpu\libc.a(lib_a-exit.o)
                              c:/ti/ccsv6/tools/compiler/gcc-arm-none-eabi-4_8-2014q3/bin/../lib/gcc/arm-none-eabi/4.8.4/../../../../arm-none-eabi/lib/armv7e-m/fpu/crt0.o (exit)
c:/ti/ccsv6/tools/compiler/gcc-arm-none-eabi-4_8-2014q3/bin/../lib/gcc/arm-none-eabi/4.8.4/../../../../arm-none-eabi/lib/armv7e-m/fpu\libc.a(lib_a-impure.o)
                              c:/ti/ccsv6/tools/compiler/gcc-arm-none-eabi-4_8-2014q3/bin/../lib/gcc/arm-none-eabi/4.8.4/../../../../arm-none-eabi/lib/armv7e-m/fpu\libc.a(lib_a-exit.o) (_global_impure_ptr)
c:/ti/ccsv6/tools/compiler/gcc-arm-none-eabi-4_8-2014q3/bin/../lib/gcc/arm-none-eabi/4.8.4/../../../../arm-none-eabi/lib/armv7e-m/fpu\libc.a(lib_a-init.o)
                              c:/ti/ccsv6/tools/compiler/gcc-arm-none-eabi-4_8-2014q3/bin/../lib/gcc/arm-none-eabi/4.8.4/../../../../arm-none-eabi/lib/armv7e-m/fpu/crt0.o (__libc_init_array)
c:/ti/ccsv6/tools/compiler/gcc-arm-none-eabi-4_8-2014q3/bin/../lib/gcc/arm-none-eabi/4.8.4/../../../../arm-none-eabi/lib/armv7e-m/fpu\libc.a(lib_a-memcpy.o)
                              ./FRT_Library/FreeRTOS/Source/queue.o (memcpy)
c:/ti/ccsv6/tools/compiler/gcc-arm-none-eabi-4_8-2014q3/bin/../lib/gcc/arm-none-eabi/4.8.4/../../../../arm-none-eabi/lib/armv7e-m/fpu\libc.a(lib_a-memset.o)
                              c:/ti/ccsv6/tools/compiler/gcc-arm-none-eabi-4_8-2014q3/bin/../lib/gcc/arm-none-eabi/4.8.4/../../../../arm-none-eabi/lib/armv7e-m/fpu/crt0.o (memset)
c:/ti/ccsv6/tools/compiler/gcc-arm-none-eabi-4_8-2014q3/bin/../lib/gcc/arm-none-eabi/4.8.4/../../../../arm-none-eabi/lib/armv7e-m/fpu\libc.a(lib_a-strncpy.o)
                              ./FRT_Library/FreeRTOS/Source/tasks.o (strncpy)
c:/ti/ccsv6/tools/compiler/gcc-arm-none-eabi-4_8-2014q3/bin/../lib/gcc/arm-none-eabi/4.8.4/../../../../arm-none-eabi/lib/armv7e-m/fpu\libc.a(lib_a-__call_atexit.o)
                              c:/ti/ccsv6/tools/compiler/gcc-arm-none-eabi-4_8-2014q3/bin/../lib/gcc/arm-none-eabi/4.8.4/../../../../arm-none-eabi/lib/armv7e-m/fpu\libc.a(lib_a-exit.o) (__call_exitprocs)
c:/ti/ccsv6/tools/compiler/gcc-arm-none-eabi-4_8-2014q3/bin/../lib/gcc/arm-none-eabi/4.8.4/../../../../arm-none-eabi/lib/armv7e-m/fpu\libc.a(lib_a-atexit.o)
                              c:/ti/ccsv6/tools/compiler/gcc-arm-none-eabi-4_8-2014q3/bin/../lib/gcc/arm-none-eabi/4.8.4/../../../../arm-none-eabi/lib/armv7e-m/fpu\libc.a(lib_a-__call_atexit.o) (atexit)
c:/ti/ccsv6/tools/compiler/gcc-arm-none-eabi-4_8-2014q3/bin/../lib/gcc/arm-none-eabi/4.8.4/../../../../arm-none-eabi/lib/armv7e-m/fpu\libc.a(lib_a-fini.o)
                              c:/ti/ccsv6/tools/compiler/gcc-arm-none-eabi-4_8-2014q3/bin/../lib/gcc/arm-none-eabi/4.8.4/../../../../arm-none-eabi/lib/armv7e-m/fpu\libc.a(lib_a-__call_atexit.o) (__libc_fini_array)
c:/ti/ccsv6/tools/compiler/gcc-arm-none-eabi-4_8-2014q3/bin/../lib/gcc/arm-none-eabi/4.8.4/../../../../arm-none-eabi/lib/armv7e-m/fpu\libc.a(lib_a-__atexit.o)
                              c:/ti/ccsv6/tools/compiler/gcc-arm-none-eabi-4_8-2014q3/bin/../lib/gcc/arm-none-eabi/4.8.4/../../../../arm-none-eabi/lib/armv7e-m/fpu\libc.a(lib_a-atexit.o) (__register_exitproc)
c:/ti/ccsv6/tools/compiler/gcc-arm-none-eabi-4_8-2014q3/bin/../lib/gcc/arm-none-eabi/4.8.4/../../../../arm-none-eabi/lib/armv7e-m/fpu\libnosys.a(_exit.o)
                              c:/ti/ccsv6/tools/compiler/gcc-arm-none-eabi-4_8-2014q3/bin/../lib/gcc/arm-none-eabi/4.8.4/../../../../arm-none-eabi/lib/armv7e-m/fpu\libc.a(lib_a-exit.o) (_exit)

Allocating common symbols
Common symbol       size              file

uart0_tx_queue      0x4               ./main.o
dummy1              0x1               ./Modules/EMP/emp.o
uart0_rx_queue      0x4               ./main.o
spi_rx_queue        0x4               ./main.o
msg_state           0x100             ./Modules/Tasking/messages.o
default_queue       0x4               ./main.o
dummy2              0x2               ./Modules/EMP/emp.o
uart0_tx_semaphore  0x4               ./main.o
ticks               0x2               ./main.o
kernel_queue        0x4               ./main.o
msg_event           0x40              ./Modules/Tasking/messages.o
spi_tx_queue        0x4               ./main.o
received            0x1               ./Modules/UART0/uart0_rx.o

Memory Configuration

Name             Origin             Length             Attributes
FLASH            0x00000000         0x00020000         xr
SRAM             0x20000000         0x00008000         xw
*default*        0x00000000         0xffffffff

Linker script and memory map

LOAD c:/ti/ccsv6/tools/compiler/gcc-arm-none-eabi-4_8-2014q3/bin/../lib/gcc/arm-none-eabi/4.8.4/armv7e-m/fpu/crti.o
LOAD c:/ti/ccsv6/tools/compiler/gcc-arm-none-eabi-4_8-2014q3/bin/../lib/gcc/arm-none-eabi/4.8.4/armv7e-m/fpu/crtbegin.o
LOAD c:/ti/ccsv6/tools/compiler/gcc-arm-none-eabi-4_8-2014q3/bin/../lib/gcc/arm-none-eabi/4.8.4/../../../../arm-none-eabi/lib/armv7e-m/fpu/crt0.o
LOAD ./main.o
LOAD ./status_led.o
LOAD ./systick.o
LOAD ./tm4c123ge6pm_startup_ccs_gcc.o
LOAD ./Modules/UART0/uart0_rx.o
LOAD ./Modules/UART0/uart0_tx.o
LOAD ./Modules/Tasking/messages.o
LOAD ./Modules/SPI_master/spi_master.o
LOAD ./Modules/Kernel/kernel.o
LOAD ./Modules/EMP/emp.o
LOAD ./FRT_Library/FreeRTOS/Source/croutine.o
LOAD ./FRT_Library/FreeRTOS/Source/list.o
LOAD ./FRT_Library/FreeRTOS/Source/queue.o
LOAD ./FRT_Library/FreeRTOS/Source/tasks.o
LOAD ./FRT_Library/FreeRTOS/Source/portable/MemMang/heap_2.o
LOAD ./FRT_Library/FreeRTOS/Source/portable/GCC/ARM_CM3/common.o
LOAD ./FRT_Library/FreeRTOS/Source/portable/GCC/ARM_CM3/port.o
                0x00000000                PROVIDE (_intvecs_base_address, 0x0)

.intvecs        0x00000000      0x26c
 *(.intvecs)
 .intvecs       0x00000000      0x26c ./tm4c123ge6pm_startup_ccs_gcc.o
                0x00000000                g_pfnVectors
                0x20000000                PROVIDE (_vtable_base_address, 0x20000000)

.vtable
 *(.vtable)

.text           0x0000026c     0x31c0
 CREATE_OBJECT_SYMBOLS
 *(.text)
 .text          0x0000026c        0x0 c:/ti/ccsv6/tools/compiler/gcc-arm-none-eabi-4_8-2014q3/bin/../lib/gcc/arm-none-eabi/4.8.4/armv7e-m/fpu/crti.o
 .text          0x0000026c       0x54 c:/ti/ccsv6/tools/compiler/gcc-arm-none-eabi-4_8-2014q3/bin/../lib/gcc/arm-none-eabi/4.8.4/armv7e-m/fpu/crtbegin.o
 .text          0x000002c0       0x74 c:/ti/ccsv6/tools/compiler/gcc-arm-none-eabi-4_8-2014q3/bin/../lib/gcc/arm-none-eabi/4.8.4/../../../../arm-none-eabi/lib/armv7e-m/fpu/crt0.o
                0x000002c0                _start
                0x000002c0                _mainCRTStartup
 .text          0x00000334        0x0 ./main.o
 .text          0x00000334        0x0 ./status_led.o
 .text          0x00000334        0x0 ./systick.o
 .text          0x00000334        0x0 ./tm4c123ge6pm_startup_ccs_gcc.o
 .text          0x00000334        0x0 ./Modules/UART0/uart0_rx.o
 .text          0x00000334        0x0 ./Modules/UART0/uart0_tx.o
 .text          0x00000334        0x0 ./Modules/Tasking/messages.o
 .text          0x00000334        0x0 ./Modules/SPI_master/spi_master.o
 .text          0x00000334        0x0 ./Modules/Kernel/kernel.o
 .text          0x00000334        0x0 ./Modules/EMP/emp.o
 .text          0x00000334        0x0 ./FRT_Library/FreeRTOS/Source/croutine.o
 .text          0x00000334        0x0 ./FRT_Library/FreeRTOS/Source/list.o
 .text          0x00000334        0x0 ./FRT_Library/FreeRTOS/Source/queue.o
 .text          0x00000334        0x0 ./FRT_Library/FreeRTOS/Source/tasks.o
 .text          0x00000334        0x0 ./FRT_Library/FreeRTOS/Source/portable/MemMang/heap_2.o
 .text          0x00000334        0x0 ./FRT_Library/FreeRTOS/Source/portable/GCC/ARM_CM3/common.o
 .text          0x00000334        0x0 ./FRT_Library/FreeRTOS/Source/portable/GCC/ARM_CM3/port.o
 .text          0x00000334        0x0 c:/ti/ccsv6/tools/compiler/gcc-arm-none-eabi-4_8-2014q3/bin/../lib/gcc/arm-none-eabi/4.8.4/../../../../arm-none-eabi/lib/armv7e-m/fpu\libc.a(lib_a-exit.o)
 .text          0x00000334        0x0 c:/ti/ccsv6/tools/compiler/gcc-arm-none-eabi-4_8-2014q3/bin/../lib/gcc/arm-none-eabi/4.8.4/../../../../arm-none-eabi/lib/armv7e-m/fpu\libc.a(lib_a-impure.o)
 .text          0x00000334        0x0 c:/ti/ccsv6/tools/compiler/gcc-arm-none-eabi-4_8-2014q3/bin/../lib/gcc/arm-none-eabi/4.8.4/../../../../arm-none-eabi/lib/armv7e-m/fpu\libc.a(lib_a-init.o)
 .text          0x00000334      0x134 c:/ti/ccsv6/tools/compiler/gcc-arm-none-eabi-4_8-2014q3/bin/../lib/gcc/arm-none-eabi/4.8.4/../../../../arm-none-eabi/lib/armv7e-m/fpu\libc.a(lib_a-memcpy.o)
                0x00000334                memcpy
 .text          0x00000468        0x0 c:/ti/ccsv6/tools/compiler/gcc-arm-none-eabi-4_8-2014q3/bin/../lib/gcc/arm-none-eabi/4.8.4/../../../../arm-none-eabi/lib/armv7e-m/fpu\libc.a(lib_a-memset.o)
 .text          0x00000468        0x0 c:/ti/ccsv6/tools/compiler/gcc-arm-none-eabi-4_8-2014q3/bin/../lib/gcc/arm-none-eabi/4.8.4/../../../../arm-none-eabi/lib/armv7e-m/fpu\libc.a(lib_a-strncpy.o)
 .text          0x00000468        0x0 c:/ti/ccsv6/tools/compiler/gcc-arm-none-eabi-4_8-2014q3/bin/../lib/gcc/arm-none-eabi/4.8.4/../../../../arm-none-eabi/lib/armv7e-m/fpu\libc.a(lib_a-__call_atexit.o)
 .text          0x00000468        0x0 c:/ti/ccsv6/tools/compiler/gcc-arm-none-eabi-4_8-2014q3/bin/../lib/gcc/arm-none-eabi/4.8.4/../../../../arm-none-eabi/lib/armv7e-m/fpu\libc.a(lib_a-atexit.o)
 .text          0x00000468        0x0 c:/ti/ccsv6/tools/compiler/gcc-arm-none-eabi-4_8-2014q3/bin/../lib/gcc/arm-none-eabi/4.8.4/../../../../arm-none-eabi/lib/armv7e-m/fpu\libc.a(lib_a-fini.o)
 .text          0x00000468        0x0 c:/ti/ccsv6/tools/compiler/gcc-arm-none-eabi-4_8-2014q3/bin/../lib/gcc/arm-none-eabi/4.8.4/../../../../arm-none-eabi/lib/armv7e-m/fpu\libc.a(lib_a-__atexit.o)
 .text          0x00000468        0x0 c:/ti/ccsv6/tools/compiler/gcc-arm-none-eabi-4_8-2014q3/bin/../lib/gcc/arm-none-eabi/4.8.4/../../../../arm-none-eabi/lib/armv7e-m/fpu\libnosys.a(_exit.o)
 .text          0x00000468        0x0 c:/ti/ccsv6/tools/compiler/gcc-arm-none-eabi-4_8-2014q3/bin/../lib/gcc/arm-none-eabi/4.8.4/armv7e-m/fpu/crtend.o
 .text          0x00000468        0x0 c:/ti/ccsv6/tools/compiler/gcc-arm-none-eabi-4_8-2014q3/bin/../lib/gcc/arm-none-eabi/4.8.4/armv7e-m/fpu/crtn.o
 *(.text.*)
 .text.setupHardware
                0x00000468        0xc ./main.o
 .text.main     0x00000474      0x18c ./main.o
                0x00000474                main
 .text.status_led_init
                0x00000600       0x40 ./status_led.o
                0x00000600                status_led_init
 .text.status_led_task
                0x00000640       0x24 ./status_led.o
                0x00000640                status_led_task
 .text.SysTick_Handler
                0x00000664       0x20 ./systick.o
                0x00000664                SysTick_Handler
 .text.enable_global_int
                0x00000684       0x10 ./systick.o
                0x00000684                enable_global_int
 .text.disable_global_int
                0x00000694       0x10 ./systick.o
                0x00000694                disable_global_int
 .text.SysTick_init
                0x000006a4       0x84 ./systick.o
                0x000006a4                SysTick_init
 .text.ResetISR
                0x00000728       0x6c ./tm4c123ge6pm_startup_ccs_gcc.o
                0x00000728                ResetISR
 .text.NmiSR    0x00000794        0x8 ./tm4c123ge6pm_startup_ccs_gcc.o
 .text.FaultISR
                0x0000079c        0x8 ./tm4c123ge6pm_startup_ccs_gcc.o
 .text.IntDefaultHandler
                0x000007a4        0x8 ./tm4c123ge6pm_startup_ccs_gcc.o
 .text.lcrh_databits_rx
                0x000007ac       0x2c ./Modules/UART0/uart0_rx.o
                0x000007ac                lcrh_databits_rx
 .text.lcrh_stopbits_rx
                0x000007d8       0x24 ./Modules/UART0/uart0_rx.o
                0x000007d8                lcrh_stopbits_rx
 .text.lcrh_parity_rx
                0x000007fc       0x50 ./Modules/UART0/uart0_rx.o
                0x000007fc                lcrh_parity_rx
 .text.uart0_interrupt_enable_rx
                0x0000084c       0x38 ./Modules/UART0/uart0_rx.o
                0x0000084c                uart0_interrupt_enable_rx
 .text.uart0_fifos_enable_rx
                0x00000884       0x1c ./Modules/UART0/uart0_rx.o
                0x00000884                uart0_fifos_enable_rx
 .text.uart0_fifos_disable_rx
                0x000008a0       0x1c ./Modules/UART0/uart0_rx.o
                0x000008a0                uart0_fifos_disable_rx
 .text.uart0_isr
                0x000008bc       0x40 ./Modules/UART0/uart0_rx.o
                0x000008bc                uart0_isr
 .text.uart0_init_rx
                0x000008fc      0x100 ./Modules/UART0/uart0_rx.o
                0x000008fc                uart0_init_rx
 .text.uart0_rx_task
                0x000009fc       0x34 ./Modules/UART0/uart0_rx.o
                0x000009fc                uart0_rx_task
 .text.send_state
                0x00000a30       0x4c ./Modules/UART0/uart0_rx.o
                0x00000a30                send_state
 .text.config_state
                0x00000a7c       0x40 ./Modules/UART0/uart0_rx.o
                0x00000a7c                config_state
 .text.uart0_rdy_tx
                0x00000abc       0x20 ./Modules/UART0/uart0_tx.o
                0x00000abc                uart0_rdy_tx
 .text.uart0_putc_tx
                0x00000adc       0x38 ./Modules/UART0/uart0_tx.o
                0x00000adc                uart0_putc_tx
 .text.uart0_tx_task
                0x00000b14       0x54 ./Modules/UART0/uart0_tx.o
                0x00000b14                uart0_tx_task
 .text.lcrh_databits_tx
                0x00000b68       0x2c ./Modules/UART0/uart0_tx.o
                0x00000b68                lcrh_databits_tx
 .text.lcrh_stopbits_tx
                0x00000b94       0x24 ./Modules/UART0/uart0_tx.o
                0x00000b94                lcrh_stopbits_tx
 .text.lcrh_parity_tx
                0x00000bb8       0x50 ./Modules/UART0/uart0_tx.o
                0x00000bb8                lcrh_parity_tx
 .text.uart0_init_tx
                0x00000c08       0xec ./Modules/UART0/uart0_tx.o
                0x00000c08                uart0_init_tx
 .text.uart0_fifos_enable_tx
                0x00000cf4       0x1c ./Modules/UART0/uart0_tx.o
                0x00000cf4                uart0_fifos_enable_tx
 .text.uart0_fifos_disable_tx
                0x00000d10       0x1c ./Modules/UART0/uart0_tx.o
                0x00000d10                uart0_fifos_disable_tx
 .text.get_msg_event
                0x00000d2c       0x40 ./Modules/Tasking/messages.o
                0x00000d2c                get_msg_event
 .text.put_msg_event
                0x00000d6c       0x2c ./Modules/Tasking/messages.o
                0x00000d6c                put_msg_event
 .text.get_msg_state
                0x00000d98       0x30 ./Modules/Tasking/messages.o
                0x00000d98                get_msg_state
 .text.put_msg_state
                0x00000dc8       0x2c ./Modules/Tasking/messages.o
                0x00000dc8                put_msg_state
 .text.spi_master_task
                0x00000df4       0x90 ./Modules/SPI_master/spi_master.o
                0x00000df4                spi_master_task
 .text.spi_master_init
                0x00000e84       0x5c ./Modules/SPI_master/spi_master.o
                0x00000e84                spi_master_init
 .text.spi_send_message
                0x00000ee0       0xc8 ./Modules/SPI_master/spi_master.o
                0x00000ee0                spi_send_message
 .text.kernel_task
                0x00000fa8       0x90 ./Modules/Kernel/kernel.o
                0x00000fa8                kernel_task
 .text.kernel_init
                0x00001038        0xc ./Modules/Kernel/kernel.o
                0x00001038                kernel_init
 .text.test1    0x00001044       0x1c ./Modules/EMP/emp.o
                0x00001044                test1
 .text.test2    0x00001060       0x20 ./Modules/EMP/emp.o
                0x00001060                test2
 .text.xCoRoutineCreate
                0x00001080       0xcc ./FRT_Library/FreeRTOS/Source/croutine.o
                0x00001080                xCoRoutineCreate
 .text.vCoRoutineAddToDelayedList
                0x0000114c       0x84 ./FRT_Library/FreeRTOS/Source/croutine.o
                0x0000114c                vCoRoutineAddToDelayedList
 .text.prvCheckPendingReadyList
                0x000011d0       0x8c ./FRT_Library/FreeRTOS/Source/croutine.o
 .text.prvCheckDelayedList
                0x0000125c      0x108 ./FRT_Library/FreeRTOS/Source/croutine.o
 .text.vCoRoutineSchedule
                0x00001364       0xa0 ./FRT_Library/FreeRTOS/Source/croutine.o
                0x00001364                vCoRoutineSchedule
 .text.prvInitialiseCoRoutineLists
                0x00001404       0x68 ./FRT_Library/FreeRTOS/Source/croutine.o
 .text.xCoRoutineRemoveFromEventList
                0x0000146c       0x5c ./FRT_Library/FreeRTOS/Source/croutine.o
                0x0000146c                xCoRoutineRemoveFromEventList
 .text.vListInitialise
                0x000014c8       0x40 ./FRT_Library/FreeRTOS/Source/list.o
                0x000014c8                vListInitialise
 .text.vListInitialiseItem
                0x00001508       0x18 ./FRT_Library/FreeRTOS/Source/list.o
                0x00001508                vListInitialiseItem
 .text.vListInsertEnd
                0x00001520       0x50 ./FRT_Library/FreeRTOS/Source/list.o
                0x00001520                vListInsertEnd
 .text.vListInsert
                0x00001570       0x70 ./FRT_Library/FreeRTOS/Source/list.o
                0x00001570                vListInsert
 .text.vListRemove
                0x000015e0       0x50 ./FRT_Library/FreeRTOS/Source/list.o
                0x000015e0                vListRemove
 .text.xQueueCreate
                0x00001630       0xb8 ./FRT_Library/FreeRTOS/Source/queue.o
                0x00001630                xQueueCreate
 .text.xQueueCreateMutex
                0x000016e8       0x78 ./FRT_Library/FreeRTOS/Source/queue.o
                0x000016e8                xQueueCreateMutex
 .text.xQueueGiveMutexRecursive
                0x00001760       0x48 ./FRT_Library/FreeRTOS/Source/queue.o
                0x00001760                xQueueGiveMutexRecursive
 .text.xQueueTakeMutexRecursive
                0x000017a8       0x50 ./FRT_Library/FreeRTOS/Source/queue.o
                0x000017a8                xQueueTakeMutexRecursive
 .text.xQueueGenericSend
                0x000017f8      0x10c ./FRT_Library/FreeRTOS/Source/queue.o
                0x000017f8                xQueueGenericSend
 .text.xQueueGenericSendFromISR
                0x00001904       0x80 ./FRT_Library/FreeRTOS/Source/queue.o
                0x00001904                xQueueGenericSendFromISR
 .text.xQueueGenericReceive
                0x00001984      0x16c ./FRT_Library/FreeRTOS/Source/queue.o
                0x00001984                xQueueGenericReceive
 .text.xQueueReceiveFromISR
                0x00001af0       0x84 ./FRT_Library/FreeRTOS/Source/queue.o
                0x00001af0                xQueueReceiveFromISR
 .text.uxQueueMessagesWaiting
                0x00001b74       0x20 ./FRT_Library/FreeRTOS/Source/queue.o
                0x00001b74                uxQueueMessagesWaiting
 .text.uxQueueMessagesWaitingFromISR
                0x00001b94       0x1c ./FRT_Library/FreeRTOS/Source/queue.o
                0x00001b94                uxQueueMessagesWaitingFromISR
 .text.vQueueDelete
                0x00001bb0       0x20 ./FRT_Library/FreeRTOS/Source/queue.o
                0x00001bb0                vQueueDelete
 .text.prvCopyDataToQueue
                0x00001bd0       0xb8 ./FRT_Library/FreeRTOS/Source/queue.o
 .text.prvCopyDataFromQueue
                0x00001c88       0x4c ./FRT_Library/FreeRTOS/Source/queue.o
 .text.prvUnlockQueue
                0x00001cd4       0x98 ./FRT_Library/FreeRTOS/Source/queue.o
 .text.prvIsQueueEmpty
                0x00001d6c       0x2c ./FRT_Library/FreeRTOS/Source/queue.o
 .text.xQueueIsQueueEmptyFromISR
                0x00001d98       0x28 ./FRT_Library/FreeRTOS/Source/queue.o
                0x00001d98                xQueueIsQueueEmptyFromISR
 .text.prvIsQueueFull
                0x00001dc0       0x30 ./FRT_Library/FreeRTOS/Source/queue.o
 .text.xQueueIsQueueFullFromISR
                0x00001df0       0x2c ./FRT_Library/FreeRTOS/Source/queue.o
                0x00001df0                xQueueIsQueueFullFromISR
 .text.xTaskGenericCreate
                0x00001e1c      0x148 ./FRT_Library/FreeRTOS/Source/tasks.o
                0x00001e1c                xTaskGenericCreate
 .text.vTaskDelete
                0x00001f64       0x98 ./FRT_Library/FreeRTOS/Source/tasks.o
                0x00001f64                vTaskDelete
 .text.vTaskDelayUntil
                0x00001ffc       0xd0 ./FRT_Library/FreeRTOS/Source/tasks.o
                0x00001ffc                vTaskDelayUntil
 .text.vTaskDelay
                0x000020cc       0x8c ./FRT_Library/FreeRTOS/Source/tasks.o
                0x000020cc                vTaskDelay
 .text.uxTaskPriorityGet
                0x00002158       0x34 ./FRT_Library/FreeRTOS/Source/tasks.o
                0x00002158                uxTaskPriorityGet
 .text.vTaskPrioritySet
                0x0000218c       0xf8 ./FRT_Library/FreeRTOS/Source/tasks.o
                0x0000218c                vTaskPrioritySet
 .text.vTaskSuspend
                0x00002284       0x70 ./FRT_Library/FreeRTOS/Source/tasks.o
                0x00002284                vTaskSuspend
 .text.xTaskIsTaskSuspended
                0x000022f4       0x48 ./FRT_Library/FreeRTOS/Source/tasks.o
                0x000022f4                xTaskIsTaskSuspended
 .text.vTaskResume
                0x0000233c       0x90 ./FRT_Library/FreeRTOS/Source/tasks.o
                0x0000233c                vTaskResume
 .text.xTaskResumeFromISR
                0x000023cc       0xa0 ./FRT_Library/FreeRTOS/Source/tasks.o
                0x000023cc                xTaskResumeFromISR
 .text.vTaskStartScheduler
                0x0000246c       0x58 ./FRT_Library/FreeRTOS/Source/tasks.o
                0x0000246c                vTaskStartScheduler
 .text.vTaskEndScheduler
                0x000024c4       0x1c ./FRT_Library/FreeRTOS/Source/tasks.o
                0x000024c4                vTaskEndScheduler
 .text.vTaskSuspendAll
                0x000024e0       0x1c ./FRT_Library/FreeRTOS/Source/tasks.o
                0x000024e0                vTaskSuspendAll
 .text.xTaskResumeAll
                0x000024fc      0x100 ./FRT_Library/FreeRTOS/Source/tasks.o
                0x000024fc                xTaskResumeAll
 .text.xTaskGetTickCount
                0x000025fc       0x24 ./FRT_Library/FreeRTOS/Source/tasks.o
                0x000025fc                xTaskGetTickCount
 .text.uxTaskGetNumberOfTasks
                0x00002620       0x18 ./FRT_Library/FreeRTOS/Source/tasks.o
                0x00002620                uxTaskGetNumberOfTasks
 .text.vTaskIncrementTick
                0x00002638       0xdc ./FRT_Library/FreeRTOS/Source/tasks.o
                0x00002638                vTaskIncrementTick
 .text.vTaskSwitchContext
                0x00002714       0x94 ./FRT_Library/FreeRTOS/Source/tasks.o
                0x00002714                vTaskSwitchContext
 .text.vTaskPlaceOnEventList
                0x000027a8       0x98 ./FRT_Library/FreeRTOS/Source/tasks.o
                0x000027a8                vTaskPlaceOnEventList
 .text.xTaskRemoveFromEventList
                0x00002840       0xac ./FRT_Library/FreeRTOS/Source/tasks.o
                0x00002840                xTaskRemoveFromEventList
 .text.vTaskSetTimeOutState
                0x000028ec       0x2c ./FRT_Library/FreeRTOS/Source/tasks.o
                0x000028ec                vTaskSetTimeOutState
 .text.xTaskCheckForTimeOut
                0x00002918       0x88 ./FRT_Library/FreeRTOS/Source/tasks.o
                0x00002918                xTaskCheckForTimeOut
 .text.vTaskMissedYield
                0x000029a0       0x18 ./FRT_Library/FreeRTOS/Source/tasks.o
                0x000029a0                vTaskMissedYield
 .text.prvIdleTask
                0x000029b8       0x20 ./FRT_Library/FreeRTOS/Source/tasks.o
 .text.prvInitialiseTCBVariables
                0x000029d8       0x6c ./FRT_Library/FreeRTOS/Source/tasks.o
 .text.prvInitialiseTaskLists
                0x00002a44       0x7c ./FRT_Library/FreeRTOS/Source/tasks.o
 .text.prvCheckTasksWaitingTermination
                0x00002ac0       0x84 ./FRT_Library/FreeRTOS/Source/tasks.o
 .text.prvAllocateTCBAndStack
                0x00002b44       0x64 ./FRT_Library/FreeRTOS/Source/tasks.o
 .text.prvDeleteTCB
                0x00002ba8       0x20 ./FRT_Library/FreeRTOS/Source/tasks.o
 .text.xTaskGetCurrentTaskHandle
                0x00002bc8       0x20 ./FRT_Library/FreeRTOS/Source/tasks.o
                0x00002bc8                xTaskGetCurrentTaskHandle
 .text.vTaskPriorityInherit
                0x00002be8       0xa4 ./FRT_Library/FreeRTOS/Source/tasks.o
                0x00002be8                vTaskPriorityInherit
 .text.vTaskPriorityDisinherit
                0x00002c8c       0x7c ./FRT_Library/FreeRTOS/Source/tasks.o
                0x00002c8c                vTaskPriorityDisinherit
 .text.pvPortMalloc
                0x00002d08      0x14c ./FRT_Library/FreeRTOS/Source/portable/MemMang/heap_2.o
                0x00002d08                pvPortMalloc
 .text.vPortFree
                0x00002e54       0x70 ./FRT_Library/FreeRTOS/Source/portable/MemMang/heap_2.o
                0x00002e54                vPortFree
 .text.xPortGetFreeHeapSize
                0x00002ec4       0x18 ./FRT_Library/FreeRTOS/Source/portable/MemMang/heap_2.o
                0x00002ec4                xPortGetFreeHeapSize
 .text.vPortInitialiseBlocks
                0x00002edc        0xc ./FRT_Library/FreeRTOS/Source/portable/MemMang/heap_2.o
                0x00002edc                vPortInitialiseBlocks
 .text.vApplicationStackOverflowHook
                0x00002ee8        0xc ./FRT_Library/FreeRTOS/Source/portable/GCC/ARM_CM3/common.o
                0x00002ee8                vApplicationStackOverflowHook
 .text.pxPortInitialiseStack
                0x00002ef4       0x54 ./FRT_Library/FreeRTOS/Source/portable/GCC/ARM_CM3/port.o
                0x00002ef4                pxPortInitialiseStack
 .text.vPortSVCHandler
                0x00002f48       0x20 ./FRT_Library/FreeRTOS/Source/portable/GCC/ARM_CM3/port.o
                0x00002f48                vPortSVCHandler
 .text.vPortStartFirstTask
                0x00002f68       0x10 ./FRT_Library/FreeRTOS/Source/portable/GCC/ARM_CM3/port.o
                0x00002f68                vPortStartFirstTask
 .text.xPortStartScheduler
                0x00002f78       0x38 ./FRT_Library/FreeRTOS/Source/portable/GCC/ARM_CM3/port.o
                0x00002f78                xPortStartScheduler
 .text.vPortEndScheduler
                0x00002fb0        0xc ./FRT_Library/FreeRTOS/Source/portable/GCC/ARM_CM3/port.o
                0x00002fb0                vPortEndScheduler
 .text.vPortYieldFromISR
                0x00002fbc       0x18 ./FRT_Library/FreeRTOS/Source/portable/GCC/ARM_CM3/port.o
                0x00002fbc                vPortYieldFromISR
 .text.vPortEnterCritical
                0x00002fd4       0x24 ./FRT_Library/FreeRTOS/Source/portable/GCC/ARM_CM3/port.o
                0x00002fd4                vPortEnterCritical
 .text.vPortExitCritical
                0x00002ff8       0x2c ./FRT_Library/FreeRTOS/Source/portable/GCC/ARM_CM3/port.o
                0x00002ff8                vPortExitCritical
 .text.xPortPendSVHandler
                0x00003024       0x3c ./FRT_Library/FreeRTOS/Source/portable/GCC/ARM_CM3/port.o
                0x00003024                xPortPendSVHandler
 .text.xPortSysTickHandler
                0x00003060       0x30 ./FRT_Library/FreeRTOS/Source/portable/GCC/ARM_CM3/port.o
                0x00003060                xPortSysTickHandler
 .text.prvSetupTimerInterrupt
                0x00003090       0x24 ./FRT_Library/FreeRTOS/Source/portable/GCC/ARM_CM3/port.o
 .text.exit     0x000030b4       0x20 c:/ti/ccsv6/tools/compiler/gcc-arm-none-eabi-4_8-2014q3/bin/../lib/gcc/arm-none-eabi/4.8.4/../../../../arm-none-eabi/lib/armv7e-m/fpu\libc.a(lib_a-exit.o)
                0x000030b4                exit
 .text.__libc_init_array
                0x000030d4       0x50 c:/ti/ccsv6/tools/compiler/gcc-arm-none-eabi-4_8-2014q3/bin/../lib/gcc/arm-none-eabi/4.8.4/../../../../arm-none-eabi/lib/armv7e-m/fpu\libc.a(lib_a-init.o)
                0x000030d4                __libc_init_array
 .text.memset   0x00003124       0x94 c:/ti/ccsv6/tools/compiler/gcc-arm-none-eabi-4_8-2014q3/bin/../lib/gcc/arm-none-eabi/4.8.4/../../../../arm-none-eabi/lib/armv7e-m/fpu\libc.a(lib_a-memset.o)
                0x00003124                memset
 .text.strncpy  0x000031b8       0x64 c:/ti/ccsv6/tools/compiler/gcc-arm-none-eabi-4_8-2014q3/bin/../lib/gcc/arm-none-eabi/4.8.4/../../../../arm-none-eabi/lib/armv7e-m/fpu\libc.a(lib_a-strncpy.o)
                0x000031b8                strncpy
 .text.startup.register_fini
                0x0000321c       0x14 c:/ti/ccsv6/tools/compiler/gcc-arm-none-eabi-4_8-2014q3/bin/../lib/gcc/arm-none-eabi/4.8.4/../../../../arm-none-eabi/lib/armv7e-m/fpu\libc.a(lib_a-__call_atexit.o)
 .text.__call_exitprocs
                0x00003230       0xf0 c:/ti/ccsv6/tools/compiler/gcc-arm-none-eabi-4_8-2014q3/bin/../lib/gcc/arm-none-eabi/4.8.4/../../../../arm-none-eabi/lib/armv7e-m/fpu\libc.a(lib_a-__call_atexit.o)
                0x00003230                __call_exitprocs
 .text.atexit   0x00003320        0xc c:/ti/ccsv6/tools/compiler/gcc-arm-none-eabi-4_8-2014q3/bin/../lib/gcc/arm-none-eabi/4.8.4/../../../../arm-none-eabi/lib/armv7e-m/fpu\libc.a(lib_a-atexit.o)
                0x00003320                atexit
 .text.__libc_fini_array
                0x0000332c       0x30 c:/ti/ccsv6/tools/compiler/gcc-arm-none-eabi-4_8-2014q3/bin/../lib/gcc/arm-none-eabi/4.8.4/../../../../arm-none-eabi/lib/armv7e-m/fpu\libc.a(lib_a-fini.o)
                0x0000332c                __libc_fini_array
 .text.__register_exitproc
                0x0000335c       0xa8 c:/ti/ccsv6/tools/compiler/gcc-arm-none-eabi-4_8-2014q3/bin/../lib/gcc/arm-none-eabi/4.8.4/../../../../arm-none-eabi/lib/armv7e-m/fpu\libc.a(lib_a-__atexit.o)
                0x0000335c                __register_exitproc
 .text._exit    0x00003404        0x4 c:/ti/ccsv6/tools/compiler/gcc-arm-none-eabi-4_8-2014q3/bin/../lib/gcc/arm-none-eabi/4.8.4/../../../../arm-none-eabi/lib/armv7e-m/fpu\libnosys.a(_exit.o)
                0x00003404                _exit
                0x00003408                . = ALIGN (0x4)
 *(.ctors)
                0x00003408                . = ALIGN (0x4)
 *(.dtors)
                0x00003408                . = ALIGN (0x4)
                0x00003408                __init_array_start = .
 *(.init_array*)
 .init_array    0x00003408        0x4 c:/ti/ccsv6/tools/compiler/gcc-arm-none-eabi-4_8-2014q3/bin/../lib/gcc/arm-none-eabi/4.8.4/armv7e-m/fpu/crtbegin.o
 .init_array.00000
                0x0000340c        0x4 c:/ti/ccsv6/tools/compiler/gcc-arm-none-eabi-4_8-2014q3/bin/../lib/gcc/arm-none-eabi/4.8.4/../../../../arm-none-eabi/lib/armv7e-m/fpu\libc.a(lib_a-__call_atexit.o)
                0x00003410                __init_array_end = .
 *(.init)
 .init          0x00003410        0x4 c:/ti/ccsv6/tools/compiler/gcc-arm-none-eabi-4_8-2014q3/bin/../lib/gcc/arm-none-eabi/4.8.4/armv7e-m/fpu/crti.o
                0x00003410                _init
 .init          0x00003414        0x8 c:/ti/ccsv6/tools/compiler/gcc-arm-none-eabi-4_8-2014q3/bin/../lib/gcc/arm-none-eabi/4.8.4/armv7e-m/fpu/crtn.o
 *(.fini*)
 .fini          0x0000341c        0x4 c:/ti/ccsv6/tools/compiler/gcc-arm-none-eabi-4_8-2014q3/bin/../lib/gcc/arm-none-eabi/4.8.4/armv7e-m/fpu/crti.o
                0x0000341c                _fini
 .fini_array    0x00003420        0x4 c:/ti/ccsv6/tools/compiler/gcc-arm-none-eabi-4_8-2014q3/bin/../lib/gcc/arm-none-eabi/4.8.4/armv7e-m/fpu/crtbegin.o
 .fini          0x00003424        0x8 c:/ti/ccsv6/tools/compiler/gcc-arm-none-eabi-4_8-2014q3/bin/../lib/gcc/arm-none-eabi/4.8.4/armv7e-m/fpu/crtn.o
                0x0000342c                PROVIDE (__etext, .)
                0x0000342c                PROVIDE (_etext, .)
                0x0000342c                PROVIDE (etext, .)

.glue_7         0x0000342c        0x0
 .glue_7        0x00000000        0x0 linker stubs

.glue_7t        0x0000342c        0x0
 .glue_7t       0x00000000        0x0 linker stubs

.vfp11_veneer   0x0000342c        0x0
 .vfp11_veneer  0x00000000        0x0 linker stubs

.v4_bx          0x0000342c        0x0
 .v4_bx         0x00000000        0x0 linker stubs

.iplt           0x0000342c        0x0
 .iplt          0x00000000        0x0 c:/ti/ccsv6/tools/compiler/gcc-arm-none-eabi-4_8-2014q3/bin/../lib/gcc/arm-none-eabi/4.8.4/armv7e-m/fpu/crtbegin.o

.rodata         0x0000342c       0x60
 *(.rodata)
 .rodata        0x0000342c       0x48 ./main.o
 .rodata        0x00003474        0x8 ./FRT_Library/FreeRTOS/Source/tasks.o
 *(.rodata*)
 .rodata.heapSTRUCT_SIZE
                0x0000347c        0x2 ./FRT_Library/FreeRTOS/Source/portable/MemMang/heap_2.o
 *fill*         0x0000347e        0x2 
 .rodata.ulKernelPriority
                0x00003480        0x4 ./FRT_Library/FreeRTOS/Source/portable/GCC/ARM_CM3/port.o
                0x00003480                ulKernelPriority
 .rodata.str1.4
                0x00003484        0x4 c:/ti/ccsv6/tools/compiler/gcc-arm-none-eabi-4_8-2014q3/bin/../lib/gcc/arm-none-eabi/4.8.4/../../../../arm-none-eabi/lib/armv7e-m/fpu\libc.a(lib_a-impure.o)
 .rodata._global_impure_ptr
                0x00003488        0x4 c:/ti/ccsv6/tools/compiler/gcc-arm-none-eabi-4_8-2014q3/bin/../lib/gcc/arm-none-eabi/4.8.4/../../../../arm-none-eabi/lib/armv7e-m/fpu\libc.a(lib_a-impure.o)
                0x00003488                _global_impure_ptr

.eh_frame       0x0000348c        0x4
 .eh_frame      0x0000348c        0x0 c:/ti/ccsv6/tools/compiler/gcc-arm-none-eabi-4_8-2014q3/bin/../lib/gcc/arm-none-eabi/4.8.4/armv7e-m/fpu/crtbegin.o
 .eh_frame      0x0000348c        0x4 c:/ti/ccsv6/tools/compiler/gcc-arm-none-eabi-4_8-2014q3/bin/../lib/gcc/arm-none-eabi/4.8.4/armv7e-m/fpu/crtend.o

.data           0x20000000      0x43c load address 0x00003490
                0x00003490                __data_load__ = LOADADDR (.data)
                0x20000000                __data_start__ = .
 *(.data)
 .data          0x20000000        0x0 c:/ti/ccsv6/tools/compiler/gcc-arm-none-eabi-4_8-2014q3/bin/../lib/gcc/arm-none-eabi/4.8.4/armv7e-m/fpu/crti.o
 .data          0x20000000        0x4 c:/ti/ccsv6/tools/compiler/gcc-arm-none-eabi-4_8-2014q3/bin/../lib/gcc/arm-none-eabi/4.8.4/armv7e-m/fpu/crtbegin.o
                0x20000000                __dso_handle
 .data          0x20000004        0x0 c:/ti/ccsv6/tools/compiler/gcc-arm-none-eabi-4_8-2014q3/bin/../lib/gcc/arm-none-eabi/4.8.4/../../../../arm-none-eabi/lib/armv7e-m/fpu/crt0.o
 .data          0x20000004        0x0 ./main.o
 .data          0x20000004        0x0 ./status_led.o
 .data          0x20000004        0x0 ./systick.o
 .data          0x20000004        0x0 ./tm4c123ge6pm_startup_ccs_gcc.o
 .data          0x20000004        0x0 ./Modules/UART0/uart0_rx.o
 .data          0x20000004        0x0 ./Modules/UART0/uart0_tx.o
 .data          0x20000004        0x0 ./Modules/Tasking/messages.o
 .data          0x20000004        0x0 ./Modules/SPI_master/spi_master.o
 .data          0x20000004        0x0 ./Modules/Kernel/kernel.o
 .data          0x20000004        0x0 ./Modules/EMP/emp.o
 .data          0x20000004        0x0 ./FRT_Library/FreeRTOS/Source/croutine.o
 .data          0x20000004        0x0 ./FRT_Library/FreeRTOS/Source/list.o
 .data          0x20000004        0x0 ./FRT_Library/FreeRTOS/Source/queue.o
 .data          0x20000004        0x0 ./FRT_Library/FreeRTOS/Source/tasks.o
 .data          0x20000004        0x0 ./FRT_Library/FreeRTOS/Source/portable/MemMang/heap_2.o
 .data          0x20000004        0x0 ./FRT_Library/FreeRTOS/Source/portable/GCC/ARM_CM3/common.o
 .data          0x20000004        0x0 ./FRT_Library/FreeRTOS/Source/portable/GCC/ARM_CM3/port.o
 .data          0x20000004        0x0 c:/ti/ccsv6/tools/compiler/gcc-arm-none-eabi-4_8-2014q3/bin/../lib/gcc/arm-none-eabi/4.8.4/../../../../arm-none-eabi/lib/armv7e-m/fpu\libc.a(lib_a-exit.o)
 .data          0x20000004        0x0 c:/ti/ccsv6/tools/compiler/gcc-arm-none-eabi-4_8-2014q3/bin/../lib/gcc/arm-none-eabi/4.8.4/../../../../arm-none-eabi/lib/armv7e-m/fpu\libc.a(lib_a-impure.o)
 .data          0x20000004        0x0 c:/ti/ccsv6/tools/compiler/gcc-arm-none-eabi-4_8-2014q3/bin/../lib/gcc/arm-none-eabi/4.8.4/../../../../arm-none-eabi/lib/armv7e-m/fpu\libc.a(lib_a-init.o)
 .data          0x20000004        0x0 c:/ti/ccsv6/tools/compiler/gcc-arm-none-eabi-4_8-2014q3/bin/../lib/gcc/arm-none-eabi/4.8.4/../../../../arm-none-eabi/lib/armv7e-m/fpu\libc.a(lib_a-memcpy.o)
 .data          0x20000004        0x0 c:/ti/ccsv6/tools/compiler/gcc-arm-none-eabi-4_8-2014q3/bin/../lib/gcc/arm-none-eabi/4.8.4/../../../../arm-none-eabi/lib/armv7e-m/fpu\libc.a(lib_a-memset.o)
 .data          0x20000004        0x0 c:/ti/ccsv6/tools/compiler/gcc-arm-none-eabi-4_8-2014q3/bin/../lib/gcc/arm-none-eabi/4.8.4/../../../../arm-none-eabi/lib/armv7e-m/fpu\libc.a(lib_a-strncpy.o)
 .data          0x20000004        0x0 c:/ti/ccsv6/tools/compiler/gcc-arm-none-eabi-4_8-2014q3/bin/../lib/gcc/arm-none-eabi/4.8.4/../../../../arm-none-eabi/lib/armv7e-m/fpu\libc.a(lib_a-__call_atexit.o)
 .data          0x20000004        0x0 c:/ti/ccsv6/tools/compiler/gcc-arm-none-eabi-4_8-2014q3/bin/../lib/gcc/arm-none-eabi/4.8.4/../../../../arm-none-eabi/lib/armv7e-m/fpu\libc.a(lib_a-atexit.o)
 .data          0x20000004        0x0 c:/ti/ccsv6/tools/compiler/gcc-arm-none-eabi-4_8-2014q3/bin/../lib/gcc/arm-none-eabi/4.8.4/../../../../arm-none-eabi/lib/armv7e-m/fpu\libc.a(lib_a-fini.o)
 .data          0x20000004        0x0 c:/ti/ccsv6/tools/compiler/gcc-arm-none-eabi-4_8-2014q3/bin/../lib/gcc/arm-none-eabi/4.8.4/../../../../arm-none-eabi/lib/armv7e-m/fpu\libc.a(lib_a-__atexit.o)
 .data          0x20000004        0x0 c:/ti/ccsv6/tools/compiler/gcc-arm-none-eabi-4_8-2014q3/bin/../lib/gcc/arm-none-eabi/4.8.4/../../../../arm-none-eabi/lib/armv7e-m/fpu\libnosys.a(_exit.o)
 .data          0x20000004        0x0 c:/ti/ccsv6/tools/compiler/gcc-arm-none-eabi-4_8-2014q3/bin/../lib/gcc/arm-none-eabi/4.8.4/armv7e-m/fpu/crtend.o
 .data          0x20000004        0x0 c:/ti/ccsv6/tools/compiler/gcc-arm-none-eabi-4_8-2014q3/bin/../lib/gcc/arm-none-eabi/4.8.4/armv7e-m/fpu/crtn.o
 *(.data*)
 .data.ker_message
                0x20000004        0x2 ./Modules/Kernel/kernel.o
                0x20000004                ker_message
 *fill*         0x20000006        0x2 
 .data.uxCriticalNesting
                0x20000008        0x4 ./FRT_Library/FreeRTOS/Source/portable/GCC/ARM_CM3/port.o
 *fill*         0x2000000c        0x4 
 .data.impure_data
                0x20000010      0x428 c:/ti/ccsv6/tools/compiler/gcc-arm-none-eabi-4_8-2014q3/bin/../lib/gcc/arm-none-eabi/4.8.4/../../../../arm-none-eabi/lib/armv7e-m/fpu\libc.a(lib_a-impure.o)
 .data._impure_ptr
                0x20000438        0x4 c:/ti/ccsv6/tools/compiler/gcc-arm-none-eabi-4_8-2014q3/bin/../lib/gcc/arm-none-eabi/4.8.4/../../../../arm-none-eabi/lib/armv7e-m/fpu\libc.a(lib_a-impure.o)
                0x20000438                _impure_ptr
                0x2000043c                . = ALIGN (0x4)
                0x2000043c                __data_end__ = .

.jcr            0x2000043c        0x4 load address 0x000038cc
 .jcr           0x2000043c        0x0 c:/ti/ccsv6/tools/compiler/gcc-arm-none-eabi-4_8-2014q3/bin/../lib/gcc/arm-none-eabi/4.8.4/armv7e-m/fpu/crtbegin.o
 .jcr           0x2000043c        0x4 c:/ti/ccsv6/tools/compiler/gcc-arm-none-eabi-4_8-2014q3/bin/../lib/gcc/arm-none-eabi/4.8.4/armv7e-m/fpu/crtend.o

.igot.plt       0x20000440        0x0 load address 0x000038d0
 .igot.plt      0x00000000        0x0 c:/ti/ccsv6/tools/compiler/gcc-arm-none-eabi-4_8-2014q3/bin/../lib/gcc/arm-none-eabi/4.8.4/armv7e-m/fpu/crtbegin.o

.ARM.exidx      0x000038d0        0x8
                0x000038d0                __exidx_start = .
 *(.ARM.exidx* .gnu.linkonce.armexidx.*)
 .ARM.exidx     0x000038d0        0x8 c:/ti/ccsv6/tools/compiler/gcc-arm-none-eabi-4_8-2014q3/bin/../lib/gcc/arm-none-eabi/4.8.4/../../../../arm-none-eabi/lib/armv7e-m/fpu/crt0.o
                0x000038d8                __exidx_end = .

.ARM.extab      0x000038d8        0x0
 *(.ARM.extab* .gnu.linkonce.armextab.*)
 .ARM.extab     0x000038d8        0x0 c:/ti/ccsv6/tools/compiler/gcc-arm-none-eabi-4_8-2014q3/bin/../lib/gcc/arm-none-eabi/4.8.4/../../../../arm-none-eabi/lib/armv7e-m/fpu/crt0.o

.rel.dyn        0x000038d8        0x0
 .rel.iplt      0x00000000        0x0 c:/ti/ccsv6/tools/compiler/gcc-arm-none-eabi-4_8-2014q3/bin/../lib/gcc/arm-none-eabi/4.8.4/armv7e-m/fpu/crtbegin.o

.bss            0x20000440     0x20e8
                0x20000440                __bss_start__ = .
 *(.shbss)
 *(.bss)
 .bss           0x20000440        0x0 c:/ti/ccsv6/tools/compiler/gcc-arm-none-eabi-4_8-2014q3/bin/../lib/gcc/arm-none-eabi/4.8.4/armv7e-m/fpu/crti.o
 .bss           0x20000440       0x1c c:/ti/ccsv6/tools/compiler/gcc-arm-none-eabi-4_8-2014q3/bin/../lib/gcc/arm-none-eabi/4.8.4/armv7e-m/fpu/crtbegin.o
 .bss           0x2000045c        0x0 c:/ti/ccsv6/tools/compiler/gcc-arm-none-eabi-4_8-2014q3/bin/../lib/gcc/arm-none-eabi/4.8.4/../../../../arm-none-eabi/lib/armv7e-m/fpu/crt0.o
 .bss           0x2000045c        0x0 ./main.o
 .bss           0x2000045c        0x0 ./status_led.o
 .bss           0x2000045c        0x0 ./systick.o
 .bss           0x2000045c        0x0 ./tm4c123ge6pm_startup_ccs_gcc.o
 .bss           0x2000045c        0x0 ./Modules/UART0/uart0_rx.o
 .bss           0x2000045c        0x0 ./Modules/UART0/uart0_tx.o
 .bss           0x2000045c        0x0 ./Modules/Tasking/messages.o
 .bss           0x2000045c        0x0 ./Modules/SPI_master/spi_master.o
 .bss           0x2000045c        0x0 ./Modules/Kernel/kernel.o
 .bss           0x2000045c        0x0 ./Modules/EMP/emp.o
 .bss           0x2000045c        0x0 ./FRT_Library/FreeRTOS/Source/croutine.o
 .bss           0x2000045c        0x0 ./FRT_Library/FreeRTOS/Source/list.o
 .bss           0x2000045c        0x0 ./FRT_Library/FreeRTOS/Source/queue.o
 .bss           0x2000045c        0x0 ./FRT_Library/FreeRTOS/Source/tasks.o
 .bss           0x2000045c        0x0 ./FRT_Library/FreeRTOS/Source/portable/MemMang/heap_2.o
 .bss           0x2000045c        0x0 ./FRT_Library/FreeRTOS/Source/portable/GCC/ARM_CM3/common.o
 .bss           0x2000045c        0x0 ./FRT_Library/FreeRTOS/Source/portable/GCC/ARM_CM3/port.o
 .bss           0x2000045c        0x0 c:/ti/ccsv6/tools/compiler/gcc-arm-none-eabi-4_8-2014q3/bin/../lib/gcc/arm-none-eabi/4.8.4/../../../../arm-none-eabi/lib/armv7e-m/fpu\libc.a(lib_a-exit.o)
 .bss           0x2000045c        0x0 c:/ti/ccsv6/tools/compiler/gcc-arm-none-eabi-4_8-2014q3/bin/../lib/gcc/arm-none-eabi/4.8.4/../../../../arm-none-eabi/lib/armv7e-m/fpu\libc.a(lib_a-impure.o)
 .bss           0x2000045c        0x0 c:/ti/ccsv6/tools/compiler/gcc-arm-none-eabi-4_8-2014q3/bin/../lib/gcc/arm-none-eabi/4.8.4/../../../../arm-none-eabi/lib/armv7e-m/fpu\libc.a(lib_a-init.o)
 .bss           0x2000045c        0x0 c:/ti/ccsv6/tools/compiler/gcc-arm-none-eabi-4_8-2014q3/bin/../lib/gcc/arm-none-eabi/4.8.4/../../../../arm-none-eabi/lib/armv7e-m/fpu\libc.a(lib_a-memcpy.o)
 .bss           0x2000045c        0x0 c:/ti/ccsv6/tools/compiler/gcc-arm-none-eabi-4_8-2014q3/bin/../lib/gcc/arm-none-eabi/4.8.4/../../../../arm-none-eabi/lib/armv7e-m/fpu\libc.a(lib_a-memset.o)
 .bss           0x2000045c        0x0 c:/ti/ccsv6/tools/compiler/gcc-arm-none-eabi-4_8-2014q3/bin/../lib/gcc/arm-none-eabi/4.8.4/../../../../arm-none-eabi/lib/armv7e-m/fpu\libc.a(lib_a-strncpy.o)
 .bss           0x2000045c        0x0 c:/ti/ccsv6/tools/compiler/gcc-arm-none-eabi-4_8-2014q3/bin/../lib/gcc/arm-none-eabi/4.8.4/../../../../arm-none-eabi/lib/armv7e-m/fpu\libc.a(lib_a-__call_atexit.o)
 .bss           0x2000045c        0x0 c:/ti/ccsv6/tools/compiler/gcc-arm-none-eabi-4_8-2014q3/bin/../lib/gcc/arm-none-eabi/4.8.4/../../../../arm-none-eabi/lib/armv7e-m/fpu\libc.a(lib_a-atexit.o)
 .bss           0x2000045c        0x0 c:/ti/ccsv6/tools/compiler/gcc-arm-none-eabi-4_8-2014q3/bin/../lib/gcc/arm-none-eabi/4.8.4/../../../../arm-none-eabi/lib/armv7e-m/fpu\libc.a(lib_a-fini.o)
 .bss           0x2000045c        0x0 c:/ti/ccsv6/tools/compiler/gcc-arm-none-eabi-4_8-2014q3/bin/../lib/gcc/arm-none-eabi/4.8.4/../../../../arm-none-eabi/lib/armv7e-m/fpu\libc.a(lib_a-__atexit.o)
 .bss           0x2000045c        0x0 c:/ti/ccsv6/tools/compiler/gcc-arm-none-eabi-4_8-2014q3/bin/../lib/gcc/arm-none-eabi/4.8.4/../../../../arm-none-eabi/lib/armv7e-m/fpu\libnosys.a(_exit.o)
 .bss           0x2000045c        0x0 c:/ti/ccsv6/tools/compiler/gcc-arm-none-eabi-4_8-2014q3/bin/../lib/gcc/arm-none-eabi/4.8.4/armv7e-m/fpu/crtend.o
 .bss           0x2000045c        0x0 c:/ti/ccsv6/tools/compiler/gcc-arm-none-eabi-4_8-2014q3/bin/../lib/gcc/arm-none-eabi/4.8.4/armv7e-m/fpu/crtn.o
 *(.bss.*)
 .bss.pui32Stack
                0x2000045c      0x200 ./tm4c123ge6pm_startup_ccs_gcc.o
 .bss.current_queue
                0x2000065c        0x4 ./Modules/UART0/uart0_rx.o
 .bss.current_state
                0x20000660        0x1 ./Modules/UART0/uart0_rx.o
 .bss.spi_state
                0x20000661        0x1 ./Modules/SPI_master/spi_master.o
                0x20000661                spi_state
 .bss.spi_rx    0x20000662        0x2 ./Modules/SPI_master/spi_master.o
                0x20000662                spi_rx
 .bss.spi_tx    0x20000664        0x2 ./Modules/SPI_master/spi_master.o
                0x20000664                spi_tx
 .bss.kernel_state
                0x20000666        0x1 ./Modules/Kernel/kernel.o
                0x20000666                kernel_state
 *fill*         0x20000667        0x1 
 .bss.pxReadyCoRoutineLists
                0x20000668       0x28 ./FRT_Library/FreeRTOS/Source/croutine.o
 .bss.xDelayedCoRoutineList1
                0x20000690       0x14 ./FRT_Library/FreeRTOS/Source/croutine.o
 .bss.xDelayedCoRoutineList2
                0x200006a4       0x14 ./FRT_Library/FreeRTOS/Source/croutine.o
 .bss.pxDelayedCoRoutineList
                0x200006b8        0x4 ./FRT_Library/FreeRTOS/Source/croutine.o
 .bss.pxOverflowDelayedCoRoutineList
                0x200006bc        0x4 ./FRT_Library/FreeRTOS/Source/croutine.o
 .bss.xPendingReadyCoRoutineList
                0x200006c0       0x14 ./FRT_Library/FreeRTOS/Source/croutine.o
 .bss.pxCurrentCoRoutine
                0x200006d4        0x4 ./FRT_Library/FreeRTOS/Source/croutine.o
                0x200006d4                pxCurrentCoRoutine
 .bss.uxTopCoRoutineReadyPriority
                0x200006d8        0x4 ./FRT_Library/FreeRTOS/Source/croutine.o
 .bss.xCoRoutineTickCount
                0x200006dc        0x4 ./FRT_Library/FreeRTOS/Source/croutine.o
 .bss.xLastTickCount
                0x200006e0        0x4 ./FRT_Library/FreeRTOS/Source/croutine.o
 .bss.xPassedTicks
                0x200006e4        0x4 ./FRT_Library/FreeRTOS/Source/croutine.o
 .bss.pxCurrentTCB
                0x200006e8        0x4 ./FRT_Library/FreeRTOS/Source/tasks.o
                0x200006e8                pxCurrentTCB
 .bss.pxReadyTasksLists
                0x200006ec       0xc8 ./FRT_Library/FreeRTOS/Source/tasks.o
 .bss.xDelayedTaskList1
                0x200007b4       0x14 ./FRT_Library/FreeRTOS/Source/tasks.o
 .bss.xDelayedTaskList2
                0x200007c8       0x14 ./FRT_Library/FreeRTOS/Source/tasks.o
 .bss.pxDelayedTaskList
                0x200007dc        0x4 ./FRT_Library/FreeRTOS/Source/tasks.o
 .bss.pxOverflowDelayedTaskList
                0x200007e0        0x4 ./FRT_Library/FreeRTOS/Source/tasks.o
 .bss.xPendingReadyList
                0x200007e4       0x14 ./FRT_Library/FreeRTOS/Source/tasks.o
 .bss.xTasksWaitingTermination
                0x200007f8       0x14 ./FRT_Library/FreeRTOS/Source/tasks.o
 .bss.uxTasksDeleted
                0x2000080c        0x4 ./FRT_Library/FreeRTOS/Source/tasks.o
 .bss.xSuspendedTaskList
                0x20000810       0x14 ./FRT_Library/FreeRTOS/Source/tasks.o
 .bss.uxCurrentNumberOfTasks
                0x20000824        0x4 ./FRT_Library/FreeRTOS/Source/tasks.o
 .bss.xTickCount
                0x20000828        0x4 ./FRT_Library/FreeRTOS/Source/tasks.o
 .bss.uxTopUsedPriority
                0x2000082c        0x4 ./FRT_Library/FreeRTOS/Source/tasks.o
 .bss.uxTopReadyPriority
                0x20000830        0x4 ./FRT_Library/FreeRTOS/Source/tasks.o
 .bss.xSchedulerRunning
                0x20000834        0x4 ./FRT_Library/FreeRTOS/Source/tasks.o
 .bss.uxSchedulerSuspended
                0x20000838        0x4 ./FRT_Library/FreeRTOS/Source/tasks.o
 .bss.uxMissedTicks
                0x2000083c        0x4 ./FRT_Library/FreeRTOS/Source/tasks.o
 .bss.xMissedYield
                0x20000840        0x4 ./FRT_Library/FreeRTOS/Source/tasks.o
 .bss.xNumOfOverflows
                0x20000844        0x4 ./FRT_Library/FreeRTOS/Source/tasks.o
 .bss.uxTaskNumber
                0x20000848        0x4 ./FRT_Library/FreeRTOS/Source/tasks.o
 *fill*         0x2000084c        0x4 
 .bss.xHeap     0x20000850     0x1b58 ./FRT_Library/FreeRTOS/Source/portable/MemMang/heap_2.o
 .bss.xStart    0x200023a8        0x8 ./FRT_Library/FreeRTOS/Source/portable/MemMang/heap_2.o
 .bss.xEnd      0x200023b0        0x8 ./FRT_Library/FreeRTOS/Source/portable/MemMang/heap_2.o
 .bss.xFreeBytesRemaining
                0x200023b8        0x4 ./FRT_Library/FreeRTOS/Source/portable/MemMang/heap_2.o
 .bss.xHeapHasBeenInitialised.4490
                0x200023bc        0x4 ./FRT_Library/FreeRTOS/Source/portable/MemMang/heap_2.o
 *(COMMON)
 COMMON         0x200023c0       0x20 ./main.o
                0x200023c0                uart0_tx_queue
                0x200023c4                uart0_rx_queue
                0x200023c8                spi_rx_queue
                0x200023cc                default_queue
                0x200023d0                uart0_tx_semaphore
                0x200023d4                ticks
                0x200023d8                kernel_queue
                0x200023dc                spi_tx_queue
 COMMON         0x200023e0        0x1 ./Modules/UART0/uart0_rx.o
                0x200023e0                received
 *fill*         0x200023e1        0x3 
 COMMON         0x200023e4      0x140 ./Modules/Tasking/messages.o
                0x200023e4                msg_state
                0x200024e4                msg_event
 COMMON         0x20002524        0x4 ./Modules/EMP/emp.o
                0x20002524                dummy1
                0x20002526                dummy2
                0x20002528                . = ALIGN (0x4)
                0x20002528                __bss_end__ = .

.heap           0x20002528        0x0
                0x20002528                __heap_start__ = .
                0x20002528                end = __heap_start__
                0x20002528                _end = end
                0x20002528                __end = end
 *(.heap)
                0x20002528                __heap_end__ = .
                0x20002528                __HeapLimit = __heap_end__

.stack          0x20002528        0x0
                0x20002528                _stack = .
                0x20002528                __stack = .
 *(.stack)
START GROUP
LOAD c:/ti/ccsv6/tools/compiler/gcc-arm-none-eabi-4_8-2014q3/bin/../lib/gcc/arm-none-eabi/4.8.4/armv7e-m/fpu\libgcc.a
LOAD c:/ti/ccsv6/tools/compiler/gcc-arm-none-eabi-4_8-2014q3/bin/../lib/gcc/arm-none-eabi/4.8.4/../../../../arm-none-eabi/lib/armv7e-m/fpu\libnosys.a
LOAD c:/ti/ccsv6/tools/compiler/gcc-arm-none-eabi-4_8-2014q3/bin/../lib/gcc/arm-none-eabi/4.8.4/../../../../arm-none-eabi/lib/armv7e-m/fpu\libc.a
END GROUP
START GROUP
LOAD c:/ti/ccsv6/tools/compiler/gcc-arm-none-eabi-4_8-2014q3/bin/../lib/gcc/arm-none-eabi/4.8.4/armv7e-m/fpu\libgcc.a
LOAD c:/ti/ccsv6/tools/compiler/gcc-arm-none-eabi-4_8-2014q3/bin/../lib/gcc/arm-none-eabi/4.8.4/../../../../arm-none-eabi/lib/armv7e-m/fpu\libg.a
LOAD c:/ti/ccsv6/tools/compiler/gcc-arm-none-eabi-4_8-2014q3/bin/../lib/gcc/arm-none-eabi/4.8.4/../../../../arm-none-eabi/lib/armv7e-m/fpu\libc.a
END GROUP
LOAD c:/ti/ccsv6/tools/compiler/gcc-arm-none-eabi-4_8-2014q3/bin/../lib/gcc/arm-none-eabi/4.8.4/armv7e-m/fpu/crtend.o
LOAD c:/ti/ccsv6/tools/compiler/gcc-arm-none-eabi-4_8-2014q3/bin/../lib/gcc/arm-none-eabi/4.8.4/armv7e-m/fpu/crtn.o
OUTPUT(Basic_OS_FreeRTOS.out elf32-littlearm)

.ARM.attributes
                0x00000000       0x30
 .ARM.attributes
                0x00000000       0x22 c:/ti/ccsv6/tools/compiler/gcc-arm-none-eabi-4_8-2014q3/bin/../lib/gcc/arm-none-eabi/4.8.4/armv7e-m/fpu/crti.o
 .ARM.attributes
                0x00000022       0x34 c:/ti/ccsv6/tools/compiler/gcc-arm-none-eabi-4_8-2014q3/bin/../lib/gcc/arm-none-eabi/4.8.4/armv7e-m/fpu/crtbegin.o
 .ARM.attributes
                0x00000056       0x20 c:/ti/ccsv6/tools/compiler/gcc-arm-none-eabi-4_8-2014q3/bin/../lib/gcc/arm-none-eabi/4.8.4/../../../../arm-none-eabi/lib/armv7e-m/fpu/crt0.o
 .ARM.attributes
                0x00000076       0x39 ./main.o
 .ARM.attributes
                0x000000af       0x39 ./status_led.o
 .ARM.attributes
                0x000000e8       0x39 ./systick.o
 .ARM.attributes
                0x00000121       0x39 ./tm4c123ge6pm_startup_ccs_gcc.o
 .ARM.attributes
                0x0000015a       0x39 ./Modules/UART0/uart0_rx.o
 .ARM.attributes
                0x00000193       0x39 ./Modules/UART0/uart0_tx.o
 .ARM.attributes
                0x000001cc       0x39 ./Modules/Tasking/messages.o
 .ARM.attributes
                0x00000205       0x39 ./Modules/SPI_master/spi_master.o
 .ARM.attributes
                0x0000023e       0x39 ./Modules/Kernel/kernel.o
 .ARM.attributes
                0x00000277       0x39 ./Modules/EMP/emp.o
 .ARM.attributes
                0x000002b0       0x39 ./FRT_Library/FreeRTOS/Source/croutine.o
 .ARM.attributes
                0x000002e9       0x39 ./FRT_Library/FreeRTOS/Source/list.o
 .ARM.attributes
                0x00000322       0x39 ./FRT_Library/FreeRTOS/Source/queue.o
 .ARM.attributes
                0x0000035b       0x39 ./FRT_Library/FreeRTOS/Source/tasks.o
 .ARM.attributes
                0x00000394       0x39 ./FRT_Library/FreeRTOS/Source/portable/MemMang/heap_2.o
 .ARM.attributes
                0x000003cd       0x39 ./FRT_Library/FreeRTOS/Source/portable/GCC/ARM_CM3/common.o
 .ARM.attributes
                0x00000406       0x39 ./FRT_Library/FreeRTOS/Source/portable/GCC/ARM_CM3/port.o
 .ARM.attributes
                0x0000043f       0x34 c:/ti/ccsv6/tools/compiler/gcc-arm-none-eabi-4_8-2014q3/bin/../lib/gcc/arm-none-eabi/4.8.4/../../../../arm-none-eabi/lib/armv7e-m/fpu\libc.a(lib_a-exit.o)
 .ARM.attributes
                0x00000473       0x34 c:/ti/ccsv6/tools/compiler/gcc-arm-none-eabi-4_8-2014q3/bin/../lib/gcc/arm-none-eabi/4.8.4/../../../../arm-none-eabi/lib/armv7e-m/fpu\libc.a(lib_a-impure.o)
 .ARM.attributes
                0x000004a7       0x34 c:/ti/ccsv6/tools/compiler/gcc-arm-none-eabi-4_8-2014q3/bin/../lib/gcc/arm-none-eabi/4.8.4/../../../../arm-none-eabi/lib/armv7e-m/fpu\libc.a(lib_a-init.o)
 .ARM.attributes
                0x000004db       0x20 c:/ti/ccsv6/tools/compiler/gcc-arm-none-eabi-4_8-2014q3/bin/../lib/gcc/arm-none-eabi/4.8.4/../../../../arm-none-eabi/lib/armv7e-m/fpu\libc.a(lib_a-memcpy.o)
 .ARM.attributes
                0x000004fb       0x34 c:/ti/ccsv6/tools/compiler/gcc-arm-none-eabi-4_8-2014q3/bin/../lib/gcc/arm-none-eabi/4.8.4/../../../../arm-none-eabi/lib/armv7e-m/fpu\libc.a(lib_a-memset.o)
 .ARM.attributes
                0x0000052f       0x34 c:/ti/ccsv6/tools/compiler/gcc-arm-none-eabi-4_8-2014q3/bin/../lib/gcc/arm-none-eabi/4.8.4/../../../../arm-none-eabi/lib/armv7e-m/fpu\libc.a(lib_a-strncpy.o)
 .ARM.attributes
                0x00000563       0x34 c:/ti/ccsv6/tools/compiler/gcc-arm-none-eabi-4_8-2014q3/bin/../lib/gcc/arm-none-eabi/4.8.4/../../../../arm-none-eabi/lib/armv7e-m/fpu\libc.a(lib_a-__call_atexit.o)
 .ARM.attributes
                0x00000597       0x34 c:/ti/ccsv6/tools/compiler/gcc-arm-none-eabi-4_8-2014q3/bin/../lib/gcc/arm-none-eabi/4.8.4/../../../../arm-none-eabi/lib/armv7e-m/fpu\libc.a(lib_a-atexit.o)
 .ARM.attributes
                0x000005cb       0x34 c:/ti/ccsv6/tools/compiler/gcc-arm-none-eabi-4_8-2014q3/bin/../lib/gcc/arm-none-eabi/4.8.4/../../../../arm-none-eabi/lib/armv7e-m/fpu\libc.a(lib_a-fini.o)
 .ARM.attributes
                0x000005ff       0x34 c:/ti/ccsv6/tools/compiler/gcc-arm-none-eabi-4_8-2014q3/bin/../lib/gcc/arm-none-eabi/4.8.4/../../../../arm-none-eabi/lib/armv7e-m/fpu\libc.a(lib_a-__atexit.o)
 .ARM.attributes
                0x00000633       0x34 c:/ti/ccsv6/tools/compiler/gcc-arm-none-eabi-4_8-2014q3/bin/../lib/gcc/arm-none-eabi/4.8.4/../../../../arm-none-eabi/lib/armv7e-m/fpu\libnosys.a(_exit.o)
 .ARM.attributes
                0x00000667       0x34 c:/ti/ccsv6/tools/compiler/gcc-arm-none-eabi-4_8-2014q3/bin/../lib/gcc/arm-none-eabi/4.8.4/armv7e-m/fpu/crtend.o
 .ARM.attributes
                0x0000069b       0x22 c:/ti/ccsv6/tools/compiler/gcc-arm-none-eabi-4_8-2014q3/bin/../lib/gcc/arm-none-eabi/4.8.4/armv7e-m/fpu/crtn.o

.comment        0x00000000       0x70
 .comment       0x00000000       0x70 ./main.o
                                 0x71 (size before relaxing)
 .comment       0x00000000       0x71 ./status_led.o
 .comment       0x00000000       0x71 ./systick.o
 .comment       0x00000000       0x71 ./tm4c123ge6pm_startup_ccs_gcc.o
 .comment       0x00000000       0x71 ./Modules/UART0/uart0_rx.o
 .comment       0x00000000       0x71 ./Modules/UART0/uart0_tx.o
 .comment       0x00000000       0x71 ./Modules/Tasking/messages.o
 .comment       0x00000000       0x71 ./Modules/SPI_master/spi_master.o
 .comment       0x00000000       0x71 ./Modules/Kernel/kernel.o
 .comment       0x00000000       0x71 ./Modules/EMP/emp.o
 .comment       0x00000000       0x71 ./FRT_Library/FreeRTOS/Source/croutine.o
 .comment       0x00000000       0x71 ./FRT_Library/FreeRTOS/Source/list.o
 .comment       0x00000000       0x71 ./FRT_Library/FreeRTOS/Source/queue.o
 .comment       0x00000000       0x71 ./FRT_Library/FreeRTOS/Source/tasks.o
 .comment       0x00000000       0x71 ./FRT_Library/FreeRTOS/Source/portable/MemMang/heap_2.o
 .comment       0x00000000       0x71 ./FRT_Library/FreeRTOS/Source/portable/GCC/ARM_CM3/common.o
 .comment       0x00000000       0x71 ./FRT_Library/FreeRTOS/Source/portable/GCC/ARM_CM3/port.o

.debug_info     0x00000000     0x2f17
 .debug_info    0x00000000      0x18b ./main.o
 .debug_info    0x0000018b       0xd9 ./status_led.o
 .debug_info    0x00000264       0xf9 ./systick.o
 .debug_info    0x0000035d      0x176 ./tm4c123ge6pm_startup_ccs_gcc.o
 .debug_info    0x000004d3      0x286 ./Modules/UART0/uart0_rx.o
 .debug_info    0x00000759      0x261 ./Modules/UART0/uart0_tx.o
 .debug_info    0x000009ba      0x1a1 ./Modules/Tasking/messages.o
 .debug_info    0x00000b5b      0x1b4 ./Modules/SPI_master/spi_master.o
 .debug_info    0x00000d0f      0x123 ./Modules/Kernel/kernel.o
 .debug_info    0x00000e32       0xcc ./Modules/EMP/emp.o
 .debug_info    0x00000efe      0x479 ./FRT_Library/FreeRTOS/Source/croutine.o
 .debug_info    0x00001377      0x28d ./FRT_Library/FreeRTOS/Source/list.o
 .debug_info    0x00001604      0x789 ./FRT_Library/FreeRTOS/Source/queue.o
 .debug_info    0x00001d8d      0xc6e ./FRT_Library/FreeRTOS/Source/tasks.o
 .debug_info    0x000029fb      0x2ae ./FRT_Library/FreeRTOS/Source/portable/MemMang/heap_2.o
 .debug_info    0x00002ca9       0xa4 ./FRT_Library/FreeRTOS/Source/portable/GCC/ARM_CM3/common.o
 .debug_info    0x00002d4d      0x1ca ./FRT_Library/FreeRTOS/Source/portable/GCC/ARM_CM3/port.o

.debug_abbrev   0x00000000      0xe09
 .debug_abbrev  0x00000000       0x91 ./main.o
 .debug_abbrev  0x00000091       0x77 ./status_led.o
 .debug_abbrev  0x00000108       0x64 ./systick.o
 .debug_abbrev  0x0000016c       0xca ./tm4c123ge6pm_startup_ccs_gcc.o
 .debug_abbrev  0x00000236       0xee ./Modules/UART0/uart0_rx.o
 .debug_abbrev  0x00000324       0xe3 ./Modules/UART0/uart0_tx.o
 .debug_abbrev  0x00000407       0xac ./Modules/Tasking/messages.o
 .debug_abbrev  0x000004b3       0xda ./Modules/SPI_master/spi_master.o
 .debug_abbrev  0x0000058d       0x8b ./Modules/Kernel/kernel.o
 .debug_abbrev  0x00000618       0x52 ./Modules/EMP/emp.o
 .debug_abbrev  0x0000066a      0x175 ./FRT_Library/FreeRTOS/Source/croutine.o
 .debug_abbrev  0x000007df       0xb6 ./FRT_Library/FreeRTOS/Source/list.o
 .debug_abbrev  0x00000895      0x140 ./FRT_Library/FreeRTOS/Source/queue.o
 .debug_abbrev  0x000009d5      0x16f ./FRT_Library/FreeRTOS/Source/tasks.o
 .debug_abbrev  0x00000b44      0x15c ./FRT_Library/FreeRTOS/Source/portable/MemMang/heap_2.o
 .debug_abbrev  0x00000ca0       0x6d ./FRT_Library/FreeRTOS/Source/portable/GCC/ARM_CM3/common.o
 .debug_abbrev  0x00000d0d       0xfc ./FRT_Library/FreeRTOS/Source/portable/GCC/ARM_CM3/port.o

.debug_aranges  0x00000000      0x560
 .debug_aranges
                0x00000000       0x28 ./main.o
 .debug_aranges
                0x00000028       0x28 ./status_led.o
 .debug_aranges
                0x00000050       0x38 ./systick.o
 .debug_aranges
                0x00000088       0x38 ./tm4c123ge6pm_startup_ccs_gcc.o
 .debug_aranges
                0x000000c0       0x70 ./Modules/UART0/uart0_rx.o
 .debug_aranges
                0x00000130       0x60 ./Modules/UART0/uart0_tx.o
 .debug_aranges
                0x00000190       0x38 ./Modules/Tasking/messages.o
 .debug_aranges
                0x000001c8       0x30 ./Modules/SPI_master/spi_master.o
 .debug_aranges
                0x000001f8       0x28 ./Modules/Kernel/kernel.o
 .debug_aranges
                0x00000220       0x28 ./Modules/EMP/emp.o
 .debug_aranges
                0x00000248       0x50 ./FRT_Library/FreeRTOS/Source/croutine.o
 .debug_aranges
                0x00000298       0x40 ./FRT_Library/FreeRTOS/Source/list.o
 .debug_aranges
                0x000002d8       0xa8 ./FRT_Library/FreeRTOS/Source/queue.o
 .debug_aranges
                0x00000380      0x118 ./FRT_Library/FreeRTOS/Source/tasks.o
 .debug_aranges
                0x00000498       0x38 ./FRT_Library/FreeRTOS/Source/portable/MemMang/heap_2.o
 .debug_aranges
                0x000004d0       0x20 ./FRT_Library/FreeRTOS/Source/portable/GCC/ARM_CM3/common.o
 .debug_aranges
                0x000004f0       0x70 ./FRT_Library/FreeRTOS/Source/portable/GCC/ARM_CM3/port.o

.debug_ranges   0x00000000      0x450
 .debug_ranges  0x00000000       0x18 ./main.o
 .debug_ranges  0x00000018       0x18 ./status_led.o
 .debug_ranges  0x00000030       0x28 ./systick.o
 .debug_ranges  0x00000058       0x28 ./tm4c123ge6pm_startup_ccs_gcc.o
 .debug_ranges  0x00000080       0x60 ./Modules/UART0/uart0_rx.o
 .debug_ranges  0x000000e0       0x50 ./Modules/UART0/uart0_tx.o
 .debug_ranges  0x00000130       0x28 ./Modules/Tasking/messages.o
 .debug_ranges  0x00000158       0x20 ./Modules/SPI_master/spi_master.o
 .debug_ranges  0x00000178       0x18 ./Modules/Kernel/kernel.o
 .debug_ranges  0x00000190       0x18 ./Modules/EMP/emp.o
 .debug_ranges  0x000001a8       0x40 ./FRT_Library/FreeRTOS/Source/croutine.o
 .debug_ranges  0x000001e8       0x30 ./FRT_Library/FreeRTOS/Source/list.o
 .debug_ranges  0x00000218       0x98 ./FRT_Library/FreeRTOS/Source/queue.o
 .debug_ranges  0x000002b0      0x108 ./FRT_Library/FreeRTOS/Source/tasks.o
 .debug_ranges  0x000003b8       0x28 ./FRT_Library/FreeRTOS/Source/portable/MemMang/heap_2.o
 .debug_ranges  0x000003e0       0x10 ./FRT_Library/FreeRTOS/Source/portable/GCC/ARM_CM3/common.o
 .debug_ranges  0x000003f0       0x60 ./FRT_Library/FreeRTOS/Source/portable/GCC/ARM_CM3/port.o

.debug_line     0x00000000     0x2249
 .debug_line    0x00000000      0x1f1 ./main.o
 .debug_line    0x000001f1      0x195 ./status_led.o
 .debug_line    0x00000386      0x16a ./systick.o
 .debug_line    0x000004f0      0x153 ./tm4c123ge6pm_startup_ccs_gcc.o
 .debug_line    0x00000643      0x2b7 ./Modules/UART0/uart0_rx.o
 .debug_line    0x000008fa      0x280 ./Modules/UART0/uart0_tx.o
 .debug_line    0x00000b7a       0xe1 ./Modules/Tasking/messages.o
 .debug_line    0x00000c5b      0x29d ./Modules/SPI_master/spi_master.o
 .debug_line    0x00000ef8      0x1ac ./Modules/Kernel/kernel.o
 .debug_line    0x000010a4       0x65 ./Modules/EMP/emp.o
 .debug_line    0x00001109      0x232 ./FRT_Library/FreeRTOS/Source/croutine.o
 .debug_line    0x0000133b      0x1a3 ./FRT_Library/FreeRTOS/Source/list.o
 .debug_line    0x000014de      0x3c2 ./FRT_Library/FreeRTOS/Source/queue.o
 .debug_line    0x000018a0      0x57d ./FRT_Library/FreeRTOS/Source/tasks.o
 .debug_line    0x00001e1d      0x13c ./FRT_Library/FreeRTOS/Source/portable/MemMang/heap_2.o
 .debug_line    0x00001f59       0xd5 ./FRT_Library/FreeRTOS/Source/portable/GCC/ARM_CM3/common.o
 .debug_line    0x0000202e      0x21b ./FRT_Library/FreeRTOS/Source/portable/GCC/ARM_CM3/port.o

.debug_str      0x00000000     0x1782
 .debug_str     0x00000000      0x249 ./main.o
                                0x286 (size before relaxing)
 .debug_str     0x00000249       0x4a ./status_led.o
                                0x215 (size before relaxing)
 .debug_str     0x00000293       0x4f ./systick.o
                                0x21e (size before relaxing)
 .debug_str     0x000002e2       0xa1 ./tm4c123ge6pm_startup_ccs_gcc.o
                                0x25f (size before relaxing)
 .debug_str     0x00000383      0x13a ./Modules/UART0/uart0_rx.o
                                0x338 (size before relaxing)
 .debug_str     0x000004bd       0xc8 ./Modules/UART0/uart0_tx.o
                                0x311 (size before relaxing)
 .debug_str     0x00000585       0x56 ./Modules/Tasking/messages.o
                                0x234 (size before relaxing)
 .debug_str     0x000005db       0xba ./Modules/SPI_master/spi_master.o
                                0x2c7 (size before relaxing)
 .debug_str     0x00000695       0x7e ./Modules/Kernel/kernel.o
                                0x269 (size before relaxing)
 .debug_str     0x00000713       0x2f ./Modules/EMP/emp.o
                                0x1dd (size before relaxing)
 .debug_str     0x00000742      0x34d ./FRT_Library/FreeRTOS/Source/croutine.o
                                0x4d5 (size before relaxing)
 .debug_str     0x00000a8f       0xb9 ./FRT_Library/FreeRTOS/Source/list.o
                                0x306 (size before relaxing)
 .debug_str     0x00000b48      0x35d ./FRT_Library/FreeRTOS/Source/queue.o
                                0x5d5 (size before relaxing)
 .debug_str     0x00000ea5      0x5d7 ./FRT_Library/FreeRTOS/Source/tasks.o
                                0x8f6 (size before relaxing)
 .debug_str     0x0000147c      0x169 ./FRT_Library/FreeRTOS/Source/portable/MemMang/heap_2.o
                                0x331 (size before relaxing)
 .debug_str     0x000015e5       0x5b ./FRT_Library/FreeRTOS/Source/portable/GCC/ARM_CM3/common.o
                                0x1e6 (size before relaxing)
 .debug_str     0x00001640      0x142 ./FRT_Library/FreeRTOS/Source/portable/GCC/ARM_CM3/port.o
                                0x2e2 (size before relaxing)

.debug_frame    0x00000000     0x1030
 .debug_frame   0x00000000       0x48 ./main.o
 .debug_frame   0x00000048       0x48 ./status_led.o
 .debug_frame   0x00000090       0x70 ./systick.o
 .debug_frame   0x00000100       0x78 ./tm4c123ge6pm_startup_ccs_gcc.o
 .debug_frame   0x00000178      0x144 ./Modules/UART0/uart0_rx.o
 .debug_frame   0x000002bc      0x110 ./Modules/UART0/uart0_tx.o
 .debug_frame   0x000003cc       0x80 ./Modules/Tasking/messages.o
 .debug_frame   0x0000044c       0x60 ./Modules/SPI_master/spi_master.o
 .debug_frame   0x000004ac       0x44 ./Modules/Kernel/kernel.o
 .debug_frame   0x000004f0       0x40 ./Modules/EMP/emp.o
 .debug_frame   0x00000530       0xf0 ./FRT_Library/FreeRTOS/Source/croutine.o
 .debug_frame   0x00000620       0x9c ./FRT_Library/FreeRTOS/Source/list.o
 .debug_frame   0x000006bc      0x244 ./FRT_Library/FreeRTOS/Source/queue.o
 .debug_frame   0x00000900      0x3e4 ./FRT_Library/FreeRTOS/Source/tasks.o
 .debug_frame   0x00000ce4       0x80 ./FRT_Library/FreeRTOS/Source/portable/MemMang/heap_2.o
 .debug_frame   0x00000d64       0x2c ./FRT_Library/FreeRTOS/Source/portable/GCC/ARM_CM3/common.o
 .debug_frame   0x00000d90      0x110 ./FRT_Library/FreeRTOS/Source/portable/GCC/ARM_CM3/port.o
 .debug_frame   0x00000ea0       0x28 c:/ti/ccsv6/tools/compiler/gcc-arm-none-eabi-4_8-2014q3/bin/../lib/gcc/arm-none-eabi/4.8.4/../../../../arm-none-eabi/lib/armv7e-m/fpu\libc.a(lib_a-exit.o)
 .debug_frame   0x00000ec8       0x2c c:/ti/ccsv6/tools/compiler/gcc-arm-none-eabi-4_8-2014q3/bin/../lib/gcc/arm-none-eabi/4.8.4/../../../../arm-none-eabi/lib/armv7e-m/fpu\libc.a(lib_a-init.o)
 .debug_frame   0x00000ef4       0x2c c:/ti/ccsv6/tools/compiler/gcc-arm-none-eabi-4_8-2014q3/bin/../lib/gcc/arm-none-eabi/4.8.4/../../../../arm-none-eabi/lib/armv7e-m/fpu\libc.a(lib_a-memset.o)
 .debug_frame   0x00000f20       0x2c c:/ti/ccsv6/tools/compiler/gcc-arm-none-eabi-4_8-2014q3/bin/../lib/gcc/arm-none-eabi/4.8.4/../../../../arm-none-eabi/lib/armv7e-m/fpu\libc.a(lib_a-strncpy.o)
 .debug_frame   0x00000f4c       0x48 c:/ti/ccsv6/tools/compiler/gcc-arm-none-eabi-4_8-2014q3/bin/../lib/gcc/arm-none-eabi/4.8.4/../../../../arm-none-eabi/lib/armv7e-m/fpu\libc.a(lib_a-__call_atexit.o)
 .debug_frame   0x00000f94       0x20 c:/ti/ccsv6/tools/compiler/gcc-arm-none-eabi-4_8-2014q3/bin/../lib/gcc/arm-none-eabi/4.8.4/../../../../arm-none-eabi/lib/armv7e-m/fpu\libc.a(lib_a-atexit.o)
 .debug_frame   0x00000fb4       0x2c c:/ti/ccsv6/tools/compiler/gcc-arm-none-eabi-4_8-2014q3/bin/../lib/gcc/arm-none-eabi/4.8.4/../../../../arm-none-eabi/lib/armv7e-m/fpu\libc.a(lib_a-fini.o)
 .debug_frame   0x00000fe0       0x30 c:/ti/ccsv6/tools/compiler/gcc-arm-none-eabi-4_8-2014q3/bin/../lib/gcc/arm-none-eabi/4.8.4/../../../../arm-none-eabi/lib/armv7e-m/fpu\libc.a(lib_a-__atexit.o)
 .debug_frame   0x00001010       0x20 c:/ti/ccsv6/tools/compiler/gcc-arm-none-eabi-4_8-2014q3/bin/../lib/gcc/arm-none-eabi/4.8.4/../../../../arm-none-eabi/lib/armv7e-m/fpu\libnosys.a(_exit.o)
